1>Existe un par de elementos en el conjunto cuya suma es 20.
Bien.
2>Existe un par de elementos en el conjunto cuya suma es 1000.
Bien.
3>No existe un par de elementos en el conjunto cuya suma es 2.
Bien.
4>Existe un par de elementos en el conjunto cuya suma es 20000.
Bien.
5>No existe un par de elementos en el conjunto cuya suma es 1000000.
Bien.
6>Fin.
