1>La amplitud del árbol es: 4096.
La cantidad de personas en el árbol es: 10000.
Bien.
2>La amplitud del árbol es: 8192.
La cantidad de personas en el árbol es: 16383.
Bien.
3>La amplitud del árbol es: 8190.
La cantidad de personas en el árbol es: 16381.
Bien.
4>Fin.
