1>#  se asume un ID máximo de persona de 10.
2>3>#  creo Persona 3 y agrego a tabla.
4>5>6>7>8>9>10>#  creo Persona 4 y agrego a tabla.
11>12>13>14>15>16>17>#  creo Persona 5 y agrego a tabla.
18>19>20>21>22>23>24>#  creo Persona 6 y agrego a tabla.
25>26>27>28>29>30>31>#  creo Persona 7 y agrego a tabla.
32>33>34>35>36>37>38>#  creo Persona 8 y agrego a tabla.
39>40>41>42>43>44>45>#  creo Persona 9 y agrego a tabla.
46>47>48>49>50>51>52>#  creo Persona 10 y agrego a tabla.
53>54>55>56>57>58>59>#  el orden debe ser 3, 4, 5, 6, 7, 10.
60>Persona 3: Persona3, 30 años
Evento 1:  Evento1
Fecha: 3/10/2022
Persona 4: Persona4, 40 años
Evento 1:  Evento1
Fecha: 4/10/2022
Persona 5: Persona5, 50 años
Evento 1:  Evento1
Fecha: 5/10/2022
Persona 6: Persona6, 60 años
Evento 1:  Evento1
Fecha: 6/10/2022
Persona 7: Persona7, 70 años
Evento 1:  Evento1
Fecha: 7/10/2022
Persona 10: Persona10, 10 años
Evento 1:  Evento1
Fecha: 10/10/2022
61>62>Fin.
