1>2>El árbol de personas NO es perfecto.
Bien.
3>4>5>El árbol de personas NO es perfecto.
Bien.
6>7>8>El árbol de personas es perfecto.
Bien.
9>10>Fin.
