1>2>3>4>5>6>7>8>9>10>11>12>13>14>15>16>17>18>19>20>21>22>23>La cantidad de personas en la lista es: 4.
24>Persona 2:  Persona 2, 20 años
Persona 3:  Persona3, 25 años
Persona 1:  Persona1, 18 años
Evento 1:  Descripcion uno
Fecha: 18/4/2023
Persona 4:  Persona4, 30 años
Evento 1:  Descripcion uno
Fecha: 19/4/2023
Evento 2:  Descripcion dos
Fecha: 20/4/2023
25>La persona con id 5 NO está en la lista.
26>La persona con id 2 está en la lista.
27>28>La persona con id 2 NO está en la lista.
29>Persona 3:  Persona3, 25 años
Persona 1:  Persona1, 18 años
Evento 1:  Descripcion uno
Fecha: 18/4/2023
Persona 4:  Persona4, 30 años
Evento 1:  Descripcion uno
Fecha: 19/4/2023
Evento 2:  Descripcion dos
Fecha: 20/4/2023
30>31>Persona 3:  Persona3, 25 años
Persona 1:  Persona1, 18 años
Evento 1:  Descripcion uno
Fecha: 18/4/2023
Persona 4:  Persona4, 30 años
Evento 1:  Descripcion uno
Fecha: 19/4/2023
Evento 2:  Descripcion dos
Fecha: 20/4/2023
32>Persona 3:  Persona3, 25 años
33>Persona 4:  Persona4, 30 años
Evento 1:  Descripcion uno
Fecha: 19/4/2023
Evento 2:  Descripcion dos
Fecha: 20/4/2023
34>35>Fin.
